// Jest Snapshot v1, https://goo.gl/fbAQLP

exports[`should render Footer without any problem 1`] = `
<footer
  className="Footer"
>
  <small>
    Â© 2018 QUISPER
  </small>
</footer>
`;
